mode: set
github.com/palantir/witchcraft-go-tasks/internal/queue/collapsing_queue.go:29.60,37.2 1 1
github.com/palantir/witchcraft-go-tasks/internal/queue/collapsing_queue.go:71.42,74.20 3 1
github.com/palantir/witchcraft-go-tasks/internal/queue/collapsing_queue.go:74.20,76.3 1 1
github.com/palantir/witchcraft-go-tasks/internal/queue/collapsing_queue.go:77.2,77.23 1 1
github.com/palantir/witchcraft-go-tasks/internal/queue/collapsing_queue.go:77.23,80.30 1 1
github.com/palantir/witchcraft-go-tasks/internal/queue/collapsing_queue.go:80.30,82.4 1 1
github.com/palantir/witchcraft-go-tasks/internal/queue/collapsing_queue.go:83.3,83.9 1 1
github.com/palantir/witchcraft-go-tasks/internal/queue/collapsing_queue.go:86.2,87.28 2 1
github.com/palantir/witchcraft-go-tasks/internal/queue/collapsing_queue.go:87.28,89.3 1 1
github.com/palantir/witchcraft-go-tasks/internal/queue/collapsing_queue.go:91.2,92.17 2 1
github.com/palantir/witchcraft-go-tasks/internal/queue/collapsing_queue.go:98.40,102.2 3 1
github.com/palantir/witchcraft-go-tasks/internal/queue/collapsing_queue.go:104.60,106.2 1 1
github.com/palantir/witchcraft-go-tasks/internal/queue/collapsing_queue.go:111.87,113.15 2 1
github.com/palantir/witchcraft-go-tasks/internal/queue/collapsing_queue.go:113.15,114.22 1 1
github.com/palantir/witchcraft-go-tasks/internal/queue/collapsing_queue.go:114.22,116.4 1 1
github.com/palantir/witchcraft-go-tasks/internal/queue/collapsing_queue.go:117.3,117.20 1 1
github.com/palantir/witchcraft-go-tasks/internal/queue/collapsing_queue.go:119.2,119.44 1 1
github.com/palantir/witchcraft-go-tasks/internal/queue/collapsing_queue.go:119.44,121.3 1 1
github.com/palantir/witchcraft-go-tasks/internal/queue/collapsing_queue.go:122.2,122.24 1 1
github.com/palantir/witchcraft-go-tasks/internal/queue/collapsing_queue.go:122.24,125.3 1 1
github.com/palantir/witchcraft-go-tasks/internal/queue/collapsing_queue.go:127.2,132.20 4 1
github.com/palantir/witchcraft-go-tasks/internal/queue/collapsing_queue.go:138.43,143.23 4 1
github.com/palantir/witchcraft-go-tasks/internal/queue/collapsing_queue.go:143.23,146.3 2 1
github.com/palantir/witchcraft-go-tasks/internal/queue/collapsing_queue.go:146.8,146.36 1 1
github.com/palantir/witchcraft-go-tasks/internal/queue/collapsing_queue.go:146.36,148.3 1 1
github.com/palantir/witchcraft-go-tasks/internal/queue/collapsing_queue.go:154.41,156.23 2 1
github.com/palantir/witchcraft-go-tasks/internal/queue/collapsing_queue.go:156.23,158.3 1 1
github.com/palantir/witchcraft-go-tasks/internal/queue/collapsing_queue.go:160.2,165.20 5 1
github.com/palantir/witchcraft-go-tasks/internal/queue/collapsing_queue.go:174.50,176.23 2 1
github.com/palantir/witchcraft-go-tasks/internal/queue/collapsing_queue.go:176.23,178.3 1 1
github.com/palantir/witchcraft-go-tasks/internal/queue/collapsing_queue.go:179.2,186.41 6 1
github.com/palantir/witchcraft-go-tasks/internal/queue/collapsing_queue.go:186.41,188.3 1 1
github.com/palantir/witchcraft-go-tasks/internal/queue/collapsing_queue.go:191.50,196.2 3 1
github.com/palantir/witchcraft-go-tasks/internal/queue/queue.go:31.40,37.2 1 1
github.com/palantir/witchcraft-go-tasks/internal/queue/queue.go:62.32,65.20 3 1
github.com/palantir/witchcraft-go-tasks/internal/queue/queue.go:65.20,67.3 1 1
github.com/palantir/witchcraft-go-tasks/internal/queue/queue.go:68.2,69.17 2 1
github.com/palantir/witchcraft-go-tasks/internal/queue/queue.go:75.30,79.2 3 1
github.com/palantir/witchcraft-go-tasks/internal/queue/queue.go:84.50,86.2 1 1
github.com/palantir/witchcraft-go-tasks/internal/queue/queue.go:91.77,93.15 2 1
github.com/palantir/witchcraft-go-tasks/internal/queue/queue.go:93.15,94.22 1 1
github.com/palantir/witchcraft-go-tasks/internal/queue/queue.go:94.22,96.4 1 1
github.com/palantir/witchcraft-go-tasks/internal/queue/queue.go:97.3,97.20 1 1
github.com/palantir/witchcraft-go-tasks/internal/queue/queue.go:99.2,99.44 1 1
github.com/palantir/witchcraft-go-tasks/internal/queue/queue.go:99.44,101.3 1 1
github.com/palantir/witchcraft-go-tasks/internal/queue/queue.go:102.2,102.24 1 1
github.com/palantir/witchcraft-go-tasks/internal/queue/queue.go:102.24,105.3 1 1
github.com/palantir/witchcraft-go-tasks/internal/queue/queue.go:107.2,109.20 2 1
github.com/palantir/witchcraft-go-tasks/internal/queue/queue.go:115.31,117.23 2 1
github.com/palantir/witchcraft-go-tasks/internal/queue/queue.go:117.23,119.3 1 1
github.com/palantir/witchcraft-go-tasks/internal/queue/queue.go:121.2,126.20 5 1
github.com/palantir/witchcraft-go-tasks/internal/queue/queue.go:135.40,137.23 2 1
github.com/palantir/witchcraft-go-tasks/internal/queue/queue.go:137.23,139.3 1 1
github.com/palantir/witchcraft-go-tasks/internal/queue/queue.go:140.2,144.20 5 1
github.com/palantir/witchcraft-go-tasks/internal/queue/queue.go:147.40,151.2 3 1
github.com/palantir/witchcraft-go-tasks/internal/queue/queue_type_wrapper.go:20.42,20.43 0 1
github.com/palantir/witchcraft-go-tasks/internal/queue/queue_type_wrapper.go:22.40,24.2 1 1
github.com/palantir/witchcraft-go-tasks/internal/queue/queue_type_wrapper.go:26.37,28.2 1 1
github.com/palantir/witchcraft-go-tasks/internal/queue/queue_type_wrapper.go:30.42,36.2 4 1
